// Jest Snapshot v1, https://goo.gl/fbAQLP

exports[`<ForecastSingle /> Snapshot should match the snapshot 1`] = `
<div
  className="forecast_single"
>
  <span
    className="day"
    key="Monday"
  >
    Monday
  </span>
  <WeatherIcon
    addClass="weather_icon"
    icon="05n"
    key="05n"
  />
  <span
    className="temp"
    key="23"
  >
    23
    Â°
  </span>
</div>
`;
